// Jest Snapshot v1, https://goo.gl/fbAQLP

exports[`accepts children function prop 1`] = `
<div>
  1
</div>
`;

exports[`accepts children function prop 2`] = `
<div>
  1
</div>
`;

exports[`accepts component prop 1`] = `
<div>
  1
</div>
`;

exports[`accepts component prop 2`] = `
<div>
  1
</div>
`;

exports[`accepts render prop 1`] = `
<div>
  1
</div>
`;

exports[`accepts render prop 2`] = `
<div>
  1
</div>
`;

exports[`forwarded props can be of any type 1`] = `
<pre>
  {"hello":"world"}
</pre>
`;

exports[`throws if component props is truthy but not an object 1`] = `"Must supply truthy component props"`;

exports[`throws if no component props are passed 1`] = `"Must supply truthy component props"`;
